
   PASS  Tests\Feature\DeliveryTrackingTest
  ✓ it creates queued delivery record              0.39s  
  ✓ it updates successful delivery record          0.07s  
  ✓ it stores failed delivery                      0.06s  
  ✓ it stores channel and provider                 0.09s  
  ✓ it stores metadata                             0.07s  
  ✓ it writes app logger event for queued deliver… 0.06s  
  ✓ it writes app logger event for successful del… 0.05s  
  ✓ it writes app logger event for failed deliver… 0.04s  

   PASS  Tests\Feature\EmailDeliveryTest
  ✓ it can resolve provider from factory           0.07s  
  ✓ it email channel delegates to provider         0.06s  
  ✓ it sends email and returns success delivery r… 0.04s  
  ✓ it laravel mail receives the mailable with co… 0.04s  
  ✓ it returns not configured when mailer is miss… 0.04s  
  ✓ it returns not configured when mailer key is…  0.04s  
  ✓ it returns not configured when mailer is empt… 0.04s  
  ✓ it returns configured when valid mailer is pr… 0.03s  
  ✓ it sends email with html content               0.04s  
  ✓ it sends email to multiple recipients          0.04s  
  ✓ it supports cc recipients                      0.04s  
  ✓ it supports bcc recipients                     0.04s  
  ✓ it supports reply to address                   0.04s  
  ✓ it supports file attachments                   0.04s  
  ✓ it supports custom headers                     0.04s  
  ✓ it sets priority header from message priority  0.04s  
  ✓ it does not set priority when null             0.04s  

   PASS  Tests\Feature\MailpitEmailDeliveryTest
  ✓ it sends email successfully through mailpit S… 0.12s  
  ✓ it sends html email that can be viewed in mai… 0.07s  

   PASS  Tests\Feature\MessageDeliveryEmailTest
  ✓ it sends email through public api              0.05s  
  ✓ it sends email with subject via data array     0.05s  
  ✓ it sends email with html content via text met… 0.05s  
  ✓ it sends email using view template             0.05s  
  ✓ it sends email to multiple recipients through… 0.05s  
  ✓ it queues email and returns queued status      0.04s  
  ✓ it passes queue options through the public ap… 0.06s  

   PASS  Tests\Feature\MessageDeliverySmsTest
  ✓ it sends sms through public api                0.11s  
  ✓ it sends sms with text content                 0.05s  
  ✓ it sends sms to multiple recipients through p… 0.05s  
  ✓ it sends sms with provider override            0.05s  
  ✓ it sends sms with priority                     0.05s  
  ✓ it queues sms and returns queued status        0.04s  
  ✓ it passes queue options through the public ap… 0.05s  
  ✓ it propagates context through sms delivery     0.05s  
  ✓ it supports provider override to switch betwe… 0.06s  

   PASS  Tests\Feature\MultiChannelMessageBuilderTest
  ✓ it sends message through multiple channels     0.07s  
  ✓ it returns individual channel results          0.05s  
  ✓ it one channel failure does not stop others    0.05s  
  ✓ it queues multiple channel messages            0.06s  
  ✓ it shared data is passed to all channels       0.05s  
